   Compiling proc-macro2 v1.0.106
   Compiling quote v1.0.46
   Compiling unicode-ident v1.0.24
   Compiling serde_core v1.0.228
   Compiling cfg-if v1.0.4
   Compiling serde v1.0.228
   Compiling libc v0.2.186
   Compiling version_check v0.9.5
   Compiling libm v0.2.16
   Compiling foldhash v0.2.0
   Compiling bitflags v2.13.0
   Compiling once_cell v1.21.4
   Compiling shlex v2.0.1
   Compiling find-msvc-tools v0.1.9
   Compiling memchr v2.8.3
   Compiling log v0.4.33
   Compiling typenum v1.20.1
   Compiling itoa v1.0.18
   Compiling equivalent v1.0.2
   Compiling autocfg v1.5.1
   Compiling pin-project-lite v0.2.17
   Compiling parking_lot_core v0.9.12
   Compiling zerocopy v0.8.54
   Compiling scopeguard v1.2.0
   Compiling getrandom v0.3.4
   Compiling zmij v1.0.23
   Compiling futures-core v0.3.32
   Compiling subtle v2.6.1
   Compiling crc32fast v1.5.0
   Compiling generic-array v0.14.7
   Compiling heck v0.5.0
   Compiling lock_api v0.4.14
   Compiling cpufeatures v0.2.17
   Compiling fnv v1.0.7
   Compiling anyhow v1.0.103
   Compiling tracing-core v0.1.36
   Compiling futures-sink v0.3.32
   Compiling icu_properties_data v2.2.0
   Compiling rustix v1.1.4
   Compiling icu_normalizer_data v2.2.0
   Compiling hashbrown v0.17.1
   Compiling semver v1.0.28
   Compiling ahash v0.8.12
   Compiling linux-raw-sys v0.12.1
   Compiling syn v1.0.109
   Compiling serde_json v1.0.150
   Compiling httparse v1.10.1
   Compiling num-traits v0.2.19
   Compiling slab v0.4.12
   Compiling allocator-api2 v0.2.21
   Compiling futures-channel v0.3.32
   Compiling bytes v1.12.1
   Compiling pkg-config v0.3.33
   Compiling unicode-xid v0.2.6
   Compiling futures-io v0.3.32
   Compiling base64 v0.22.1
   Compiling futures-task v0.3.32
   Compiling thiserror v2.0.18
   Compiling stable_deref_trait v1.2.1
   Compiling rand_core v0.10.1
   Compiling getrandom v0.4.3
   Compiling iana-time-zone v0.1.65
   Compiling wasmtime-internal-core v46.0.2
   Compiling hashbrown v0.16.1
   Compiling target-lexicon v0.13.5
   Compiling crossbeam-utils v0.8.22
   Compiling percent-encoding v2.3.2
   Compiling rustls v0.23.42
   Compiling bumpalo v3.20.3
   Compiling zstd-safe v7.2.4
   Compiling cranelift-srcgen v0.133.2
   Compiling rustc-hash v2.1.3
   Compiling litemap v0.8.2
   Compiling writeable v0.6.3
   Compiling rustc_version v0.4.1
   Compiling ryu v1.0.23
   Compiling utf8_iter v1.0.4
   Compiling aho-corasick v1.1.4
   Compiling cranelift-assembler-x64-meta v0.133.2
   Compiling unicode-segmentation v1.13.3
   Compiling hybrid-array v0.4.13
   Compiling unicode-width v0.2.2
   Compiling leb128fmt v0.1.0
   Compiling syn v2.0.118
   Compiling const-oid v0.10.2
   Compiling regex-syntax v0.8.11
   Compiling paste v1.0.15
   Compiling crossbeam-epoch v0.9.20
   Compiling ipnet v2.12.0
   Compiling cranelift-isle v0.133.2
   Compiling tracing v0.1.44
   Compiling form_urlencoded v1.2.2
   Compiling simd-adler32 v0.3.9
   Compiling jobserver v0.1.35
   Compiling socket2 v0.6.5
   Compiling mio v1.2.2
   Compiling num-conv v0.2.2
   Compiling convert_case v0.10.0
   Compiling object v0.39.1
   Compiling crossbeam-deque v0.8.7
   Compiling time-core v0.1.9
   Compiling httpdate v1.0.3
   Compiling cranelift-codegen-shared v0.133.2
   Compiling cc v1.2.67
   Compiling block-buffer v0.12.1
   Compiling crypto-common v0.2.2
   Compiling time-macros v0.2.31
   Compiling http v1.4.2
   Compiling crypto-common v0.1.7
   Compiling block-buffer v0.10.4
   Compiling encoding_rs v0.8.35
   Compiling winnow v1.0.4
   Compiling either v1.16.0
   Compiling tokio v1.52.3
   Compiling adler2 v2.0.1
   Compiling thiserror v1.0.69
   Compiling digest v0.10.7
   Compiling cpp_demangle v0.4.5
   Compiling zeroize v1.9.0
   Compiling powerfmt v0.2.0
   Compiling miniz_oxide v0.8.9
   Compiling getrandom v0.2.17
   Compiling rustls-pki-types v1.15.0
   Compiling proc-macro-error-attr v1.0.4
   Compiling zlib-rs v0.6.6
   Compiling sha2 v0.10.9
   Compiling termcolor v1.4.1
   Compiling io-lifetimes v2.0.4
   Compiling num-integer v0.1.46
   Compiling num-complex v0.4.6
   Compiling arbitrary v1.4.2
   Compiling cpufeatures v0.3.0
   Compiling untrusted v0.9.0
   Compiling tower-service v0.3.3
   Compiling lexical-util v1.0.7
   Compiling errno v0.3.14
   Compiling signal-hook-registry v1.4.8
   Compiling num-bigint v0.4.8
   Compiling indexmap v2.14.0
   Compiling digest v0.11.3
   Compiling socket2 v0.5.10
   Compiling http-body v1.1.0
   Compiling futures-util v0.3.32
   Compiling itertools v0.14.0
   Compiling proc-macro-error v1.0.4
   Compiling cfg_aliases v0.2.1
   Compiling atomic-waker v1.1.2
   Compiling try-lock v0.2.5
   Compiling rustix v0.38.44
   Compiling utf8parse v0.2.2
   Compiling simdutf8 v0.1.5
   Compiling wasmtime-internal-component-util v46.0.2
   Compiling local-waker v0.1.4
   Compiling alloc-no-stdlib v2.0.4
   Compiling rustc-demangle v0.1.28
   Compiling want v0.3.1
   Compiling alloc-stdlib v0.2.4
   Compiling uuid v1.23.5
   Compiling deranged v0.5.8
   Compiling cranelift-control v0.133.2
   Compiling chacha20 v0.10.2
   Compiling inout v0.1.4
   Compiling sync_wrapper v1.0.2
   Compiling cranelift-assembler-x64 v0.133.2
   Compiling io-extras v0.18.4
   Compiling mime v0.3.17
   Compiling winnow v0.7.15
   Compiling tower-layer v0.3.3
   Compiling linux-raw-sys v0.4.15
   Compiling crc-catalog v2.5.0
   Compiling zstd-sys v2.0.16+zstd.1.5.7
   Compiling regex-automata v0.4.15
   Compiling ring v0.17.14
   Compiling crc v3.4.0
   Compiling ittapi-sys v0.4.0
   Compiling rand v0.10.2
   Compiling cipher v0.4.4
   Compiling brotli-decompressor v5.0.3
   Compiling actix-utils v3.0.1
   Compiling anstyle-parse v1.0.0
   Compiling lexical-write-integer v1.0.6
   Compiling lexical-parse-integer v1.0.6
   Compiling hmac v0.12.1
   Compiling wasm-encoder v0.253.0
   Compiling bytestring v1.5.1
   Compiling actix-service v2.0.3
   Compiling ahash v0.7.8
   Compiling cookie v0.16.2
   Compiling id-arena v2.3.0
   Compiling fixedbitset v0.4.2
   Compiling time v0.3.53
   Compiling anstyle v1.0.14
   Compiling flate2 v1.1.9
   Compiling rayon-core v1.13.0
   Compiling is_terminal_polyfill v1.70.2
   Compiling colorchoice v1.0.5
   Compiling regex-lite v0.1.9
   Compiling libbz2-rs-sys v0.2.5
   Compiling bytecheck v0.6.12
   Compiling wasmtime-internal-unwinder v46.0.2
   Compiling cap-primitives v3.4.5
   Compiling anstyle-query v1.1.5
   Compiling brotli v8.0.4
   Compiling anstream v1.0.0
   Compiling gimli v0.33.0
   Compiling wast v253.0.0
   Compiling petgraph v0.6.5
   Compiling lexical-write-float v1.0.6
   Compiling lexical-parse-float v1.0.6
   Compiling pbkdf2 v0.12.2
   Compiling bzip2 v0.6.1
   Compiling synstructure v0.13.2
   Compiling macro-string v0.2.0
   Compiling syn-solidity v1.6.0
   Compiling aes v0.8.4
   Compiling lzma-rust2 v0.13.0
   Compiling serde_spanned v1.1.1
   Compiling toml_datetime v0.7.5+spec-1.1.0
   Compiling toml_parser v1.1.2+spec-1.1.0
   Compiling local-channel v0.1.5
   Compiling sha1 v0.11.0
   Compiling webpki-roots v1.0.8
   Compiling rand_core v0.9.5
   Compiling dirs-sys-next v0.1.2
   Compiling sha1 v0.10.7
   Compiling tower v0.5.3
   Compiling zopfli v0.8.3
   Compiling proc-macro-error-attr2 v2.0.0
   Compiling const-hex v1.19.1
   Compiling flatbuffers v25.12.19
   Compiling keccak v0.2.0
   Compiling deflate64 v0.1.12
   Compiling ambient-authority v0.0.2
   Compiling language-tags v0.3.2
   Compiling constant_time_eq v0.3.1
   Compiling wasmtime-internal-cache v46.0.2
   Compiling ruint-macro v1.2.1
   Compiling fastrand v2.4.1
   Compiling dunce v1.0.5
   Compiling wasmtime-internal-cranelift v46.0.2
   Compiling leb128 v0.2.7
   Compiling ppmd-rust v1.4.0
   Compiling clap_lex v1.1.0
   Compiling maybe-owned v0.3.4
   Compiling toml_writer v1.1.1+spec-1.1.0
   Compiling openssl-probe v0.2.1
   Compiling strsim v0.11.1
   Compiling wasmtime-internal-component-macro v46.0.2
   Compiling rend v0.4.2
   Compiling toml v0.9.12+spec-1.1.0
   Compiling ruint v1.20.0
   Compiling wast v35.0.2
   Compiling xattr v1.6.1
   Compiling ptr_meta_derive v0.1.4
   Compiling bytecheck_derive v0.6.12
   Compiling sha3 v0.11.0
   Compiling proc-macro-error2 v2.0.1
   Compiling ptr_meta v0.1.4
   Compiling directories-next v2.0.0
   Compiling lexical-core v1.0.6
   Compiling debugid v0.8.0
   Compiling serde_derive v1.0.228
   Compiling zerofrom-derive v0.1.7
   Compiling yoke-derive v0.8.2
   Compiling zerovec-derive v0.11.3
   Compiling zerocopy-derive v0.8.54
   Compiling displaydoc v0.2.6
   Compiling thiserror-impl v2.0.18
   Compiling tracing-attributes v0.1.31
   Compiling tokio-macros v2.7.0
   Compiling futures-macro v0.3.32
   Compiling zeroize_derive v1.5.0
   Compiling pulley-macros v46.0.2
   Compiling wasmtime-internal-versioned-export-macros v46.0.2
   Compiling derive_more-impl v2.1.1
   Compiling regex v1.13.0
   Compiling thiserror-impl v1.0.69
   Compiling bytemuck_derive v1.11.0
   Compiling async-trait v0.1.89
   Compiling wasmtime-internal-fiber v46.0.2
   Compiling wasmtime-internal-jit-debug v46.0.2
   Compiling terminal_size v0.4.4
   Compiling rustix-linux-procfs v0.1.1
   Compiling fs-set-times v0.20.3
   Compiling utoipa-gen v4.3.1
   Compiling clap_builder v4.6.0
   Compiling zerofrom v0.1.8
   Compiling alloy-sol-macro-input v1.6.0
   Compiling yoke v0.8.3
   Compiling wasmtime v46.0.2
   Compiling cobs v0.3.0
   Compiling zerovec v0.11.6
   Compiling zerotrie v0.2.4
   Compiling rustls-native-certs v0.8.4
   Compiling tempfile v3.27.0
   Compiling enum-map-derive v0.17.0
   Compiling actix-macros v0.2.4
   Compiling clap_derive v4.6.1
   Compiling http-body-util v0.1.4
   Compiling atoi v2.0.0
   Compiling bytemuck v1.25.1
   Compiling filetime v0.2.29
   Compiling csv-core v0.1.13
   Compiling proc-macro2-diagnostics v0.10.1
   Compiling impl-more v0.3.1
   Compiling rkyv v0.7.46
   Compiling cap-std v3.4.5
   Compiling enum-map v2.7.3
   Compiling csv v1.4.0
   Compiling tar v0.4.46
   Compiling tinystr v0.8.3
   Compiling potential_utf v0.1.5
   Compiling witx v0.9.1
   Compiling ittapi v0.4.0
   Compiling zip v6.0.0
   Compiling alloy-sol-macro-expander v1.6.0
   Compiling rayon v1.12.0
   Compiling icu_collections v2.2.0
   Compiling memfd v0.6.5
   Compiling addr2line v0.26.1
   Compiling icu_locale_core v2.2.0
   Compiling hashbrown v0.12.3
   Compiling rkyv_derive v0.7.46
   Compiling size-of-derive v0.1.2
   Compiling serde_path_to_error v0.1.20
   Compiling rustls-webpki v0.103.13
   Compiling nix v0.29.0
   Compiling ordered-float v3.9.2
   Compiling crossbeam-queue v0.3.13
   Compiling crossbeam-channel v0.5.16
   Compiling wiggle-macro v46.0.2
   Compiling snap v1.1.1
   Compiling icu_provider v2.2.0
   Compiling arrayvec v0.7.8
   Compiling prettyplease v0.2.37
   Compiling same-file v1.0.6
   Compiling xxhash-rust v0.8.16
   Compiling byteorder v1.5.0
   Compiling seahash v4.1.0
   Compiling yansi v1.0.1
   Compiling icu_properties v2.2.0
   Compiling rustversion v1.0.23
   Compiling vcpkg v0.2.15
   Compiling binrw_derive v0.13.4
   Compiling clap v4.6.1
   Compiling walkdir v2.5.0
   Compiling crossbeam v0.8.4
   Compiling rustls-pemfile v2.2.0
   Compiling mimalloc-rust-sys v1.7.2
   Compiling nix v0.31.3
   Compiling rand_core v0.6.4
   Compiling md-5 v0.10.6
   Compiling curve25519-dalek v4.1.3
   Compiling crc32c v0.6.8
   Compiling foldhash v0.1.5
   Compiling cap-fs-ext v3.4.5
   Compiling binrw v0.13.4
   Compiling smallvec v1.15.2
   Compiling wasmparser v0.251.0
   Compiling actix-router v0.5.4
   Compiling serde_urlencoded v0.7.1
   Compiling postcard v1.1.3
   Compiling chrono v0.4.45
   Compiling arrow-schema v58.3.0
   Compiling icu_normalizer v2.2.0
   Compiling futures-executor v0.3.32
   Compiling regalloc2 v0.15.1
   Compiling cranelift-bitset v0.133.2
   Compiling futures v0.3.32
   Compiling hyper v1.10.1
   Compiling parking_lot v0.12.5
   Compiling fxprof-processed-profile v0.8.1
   Compiling pulley-interpreter v46.0.2
   Compiling derive_more v2.1.1
   Compiling idna_adapter v1.2.2
   Compiling cranelift-entity v0.133.2
   Compiling erased-serde v0.3.31
   Compiling idna v1.1.0
   Compiling alloy-sol-type-parser v1.6.0
   Compiling actix-web-codegen v4.3.0
   Compiling quick-xml v0.38.4
   Compiling http v0.2.12
   Compiling hyper-util v0.1.20
   Compiling url v2.5.8
   Compiling crossterm v0.28.1
   Compiling wat v1.253.0
   Compiling cranelift-bforest v0.133.2
   Compiling wasmtime-internal-jit-icache-coherence v46.0.2
   Compiling alloy-primitives v1.6.0
   Compiling utoipa v4.2.3
   Compiling comfy-table v7.1.4
   Compiling alloy-sol-macro v1.6.0
   Compiling tower-http v0.6.11
   Compiling half v2.7.1
   Compiling ppv-lite86 v0.2.21
   Compiling humantime v2.4.0
   Compiling hashbrown v0.13.2
   Compiling rand_chacha v0.9.0
   Compiling hashbrown v0.14.5
   Compiling rust_decimal v1.42.1
   Compiling arrow-buffer v58.3.0
   Compiling rand v0.9.5
   Compiling cranelift-codegen-meta v0.133.2
   Compiling heck v0.4.1
   Compiling owo-colors v3.5.0
   Compiling rand_chacha v0.3.1
   Compiling ouroboros_macro v0.18.5
   Compiling quick_cache v0.6.24
   Compiling tokio-rustls v0.26.4
   Compiling feldera-size-of v0.1.7
   Compiling alloy-json-abi v1.6.0
   Compiling dashmap v5.5.3
   Compiling alloy-sol-types v1.6.0
   Compiling hyper-rustls v0.27.9
   Compiling nibble_vec v0.1.0
   Compiling toml_datetime v0.6.11
   Compiling serde_spanned v0.6.9
   Compiling serde_json_path_to_error v0.1.5
   Compiling reqwest v0.12.28
   Compiling hashbrown v0.15.5
   Compiling strum_macros v0.27.2
   Compiling derive_more-impl v1.0.0
   Compiling arrow-data v58.3.0
   Compiling curve25519-dalek-derive v0.1.1
   Compiling async-stream-impl v0.3.6
   Compiling ptr_meta_derive v0.2.0
   Compiling num-rational v0.4.2
   Compiling num-iter v0.1.46
   Compiling nix v0.27.1
   Compiling memory-stats v1.2.0
   Compiling num_cpus v1.17.0
   Compiling thread-id v5.1.0
   Compiling ordered-float v2.10.1
   Compiling static_assertions v1.1.0
   Compiling lazy_static v1.5.0
   Compiling aliasable v0.1.3
   Compiling endian-type v0.2.0
   Compiling unicode-width v0.1.14
   Compiling array-init v2.1.0
   Compiling integer-encoding v3.0.4
   Compiling unicode-linebreak v0.1.5
   Compiling redb v2.6.3
   Compiling cty v0.2.2
   Compiling signature v2.2.0
   Compiling siphasher v1.0.3
   Compiling seq-macro v0.3.6
   Compiling smawk v0.3.3
   Compiling toml_write v0.1.2
   Compiling inventory v0.3.24
   Compiling ed25519 v2.2.3
   Compiling thrift v0.17.0
   Compiling num v0.4.3
   Compiling textwrap v0.15.2
   Compiling fastbloom v0.14.1
   Compiling feldera-macros v0.320.0
   Compiling radix_trie v0.3.0
   Compiling arrow-array v58.3.0
   Compiling toml_edit v0.22.27
   Compiling ouroboros v0.18.5
   Compiling ordered-float v4.6.0
   Compiling core_affinity v0.8.3
   Compiling sharded-slab v0.1.7
   Compiling hashlink v0.10.0
   Compiling async-stream v0.3.6
   Compiling ptr_meta v0.2.0
   Compiling arc-swap v1.9.2
   Compiling typedmap v0.3.1
   Compiling fdlimit v0.3.0
   Compiling rand v0.8.7
   Compiling axum-core v0.5.6
   Compiling metrics v0.23.1
   Compiling cap-net-ext v3.4.5
   Compiling tracing-serde v0.2.0
   Compiling roaring v0.11.3
   Compiling num-format v0.4.4
   Compiling cap-time-ext v3.4.5
   Compiling matchers v0.2.0
   Compiling impl-trait-for-tuples v0.2.3
   Compiling num-derive v0.4.2
   Compiling hashlink v0.11.1
   Compiling alloy-dyn-abi v1.6.0
   Compiling strum v0.27.2
   Compiling tracing-log v0.2.0
   Compiling thread_local v1.1.10
   Compiling fallible-iterator v0.3.0
   Compiling nu-ansi-term v0.50.3
   Compiling arraydeque v0.5.1
   Compiling cranelift-codegen v0.133.2
   Compiling derive_more v1.0.0
   Compiling hex v0.4.3
   Compiling cast v0.3.0
   Compiling fallible-streaming-iterator v0.1.9
   Compiling home v0.5.12
   Compiling twox-hash v2.1.2
   Compiling dyn-clone v1.0.20
   Compiling matchit v0.8.4
   Compiling tokio-util v0.7.18
   Compiling actix-rt v2.11.0
   Compiling feldera-samply v0.320.0
   Compiling tracing-subscriber v0.3.23
   Compiling yaml-rust2 v0.11.0
   Compiling ed25519-dalek v2.2.0
   Compiling nuthatch-decode v3.0.0-alpha.1 (/home/pepe/nuthatch/decode)
   Compiling actix-server v2.6.0
   Compiling wit-parser v0.251.0
   Compiling wasmtime-environ v46.0.2
   Compiling toml v0.8.23
   Compiling h2 v0.4.16
   Compiling actix-codec v0.5.2
   Compiling h2 v0.3.27
   Compiling libduckdb-sys v1.10504.0
   Compiling rustyline v18.0.1
   Compiling arrow-select v58.3.0
   Compiling arrow-row v58.3.0
   Compiling arrow-arith v58.3.0
   Compiling wasm-encoder v0.251.0
   Compiling wasmprinter v0.251.0
   Compiling wasmtime-internal-wit-bindgen v46.0.2
   Compiling arrow-ord v58.3.0
   Compiling arrow-ipc v58.3.0
   Compiling arrow-string v58.3.0
   Compiling wasm-compose v0.251.0
   Compiling arrow-cast v58.3.0
   Compiling wiggle-generate v46.0.2
   Compiling parquet v58.3.0
   Compiling arrow-json v58.3.0
   Compiling arrow-csv v58.3.0
   Compiling axum v0.8.9
   Compiling object_store v0.12.5
   Compiling arrow v58.3.0
   Compiling zstd v0.13.3
   Compiling actix-http v3.13.1
   Compiling feldera-ir v0.320.0
   Compiling actix-web v4.14.0
   Compiling feldera-types v0.320.0
   Compiling feldera-buffer-cache v0.320.0
   Compiling feldera-storage v0.320.0
   Compiling dbsp v0.320.0
   Compiling cranelift-native v0.133.2
   Compiling cranelift-frontend v0.133.2
   Compiling wiggle v46.0.2
   Compiling wasmtime-wasi-io v46.0.2
   Compiling wasmtime-wasi v46.0.2
   Compiling duckdb v1.10504.0
   Compiling nuthatch v3.0.1 (/home/pepe/nuthatch)
    Finished `release` profile [optimized] target(s) in 3m 46s
